simulating 1 scenario(s) in both modes, seed 7
  running B / progressive  50% answer rate, 90s talk, provider A
{"ts": "2026-09-01T10:01:06.342912+00:00", "level": "WARNING", "logger": "sim", "event": "bridge_failed", "campaign_id": "4c7386ab-fe79-4173-9e1a-110b68671f0c", "worker_id": "sim-B-progressive", "call_id": "61f830df-c8c6-4d5a-b605-b497f4c08767", "error": "call mock_fast-271ad25ef933266c ended while bridging"}
{"ts": "2026-09-01T10:01:06.500000+00:00", "level": "WARNING", "logger": "sim", "event": "call_abandoned", "campaign_id": "4c7386ab-fe79-4173-9e1a-110b68671f0c", "worker_id": "sim-B-progressive", "call_id": "61f830df-c8c6-4d5a-b605-b497f4c08767", "borrower_id": "5a804612-d44e-4fbc-ada2-bc23d749cda7", "agent_id": "93418824-0c16-4644-b79b-77cbad90e95c", "reason": "bridge_failed"}
{"ts": "2026-09-01T10:01:06.500000+00:00", "level": "WARNING", "logger": "sim", "event": "crashed_call_abandoned_no_agent_free", "campaign_id": "4c7386ab-fe79-4173-9e1a-110b68671f0c", "worker_id": "sim-B-progressive", "call_id": "61f830df-c8c6-4d5a-b605-b497f4c08767", "provider": "mock_fast"}
{"ts": "2026-09-01T10:01:33.091059+00:00", "level": "WARNING", "logger": "sim", "event": "bridge_failed", "campaign_id": "4c7386ab-fe79-4173-9e1a-110b68671f0c", "worker_id": "sim-B-progressive", "call_id": "2ab30ad7-cc14-4d73-a88a-7315ac9ca3d8", "error": "call mock_fast-4d36397e4ab21fae ended while bridging"}
{"ts": "2026-09-01T10:01:33.250000+00:00", "level": "WARNING", "logger": "sim", "event": "call_abandoned", "campaign_id": "4c7386ab-fe79-4173-9e1a-110b68671f0c", "worker_id": "sim-B-progressive", "call_id": "2ab30ad7-cc14-4d73-a88a-7315ac9ca3d8", "borrower_id": "2229a1d1-f665-4d8e-aa60-4a35fb56857f", "agent_id": "9e77f669-624d-4cb4-929d-eb33a450bb5a", "reason": "bridge_failed"}
{"ts": "2026-09-01T10:01:33.250000+00:00", "level": "WARNING", "logger": "sim", "event": "crashed_call_abandoned_no_agent_free", "campaign_id": "4c7386ab-fe79-4173-9e1a-110b68671f0c", "worker_id": "sim-B-progressive", "call_id": "2ab30ad7-cc14-4d73-a88a-7315ac9ca3d8", "provider": "mock_fast"}
  running B / predictive   50% answer rate, 90s talk, provider A
{"ts": "2026-09-01T10:00:17.250000+00:00", "level": "WARNING", "logger": "sim", "event": "call_abandoned", "campaign_id": "099374b0-a7d5-4637-891b-37425c4ef8db", "worker_id": "sim-B-predictive", "call_id": "5dbb797b-ba1e-43b2-b483-fe3a5e6af6ac", "borrower_id": "bbc83989-8a1c-4735-ad94-e3c6aa1036be", "agent_id": null, "reason": "no_agent_available"}
{"ts": "2026-09-01T10:01:46.750000+00:00", "level": "WARNING", "logger": "sim", "event": "call_abandoned", "campaign_id": "099374b0-a7d5-4637-891b-37425c4ef8db", "worker_id": "sim-B-predictive", "call_id": "27159eb0-2676-477f-99c6-f8d6ff42c5a5", "borrower_id": "61acd41c-f25c-4fac-ad93-813877e4584e", "agent_id": null, "reason": "no_agent_available"}
{"ts": "2026-09-01T10:03:59.500000+00:00", "level": "WARNING", "logger": "sim", "event": "call_abandoned", "campaign_id": "099374b0-a7d5-4637-891b-37425c4ef8db", "worker_id": "sim-B-predictive", "call_id": "6d4538b4-948a-412f-ba5c-91f78b7050a4", "borrower_id": "61b51249-5a7e-440b-98b2-a20ac24abbe4", "agent_id": null, "reason": "no_agent_available"}
{"ts": "2026-09-01T10:03:59.750000+00:00", "level": "WARNING", "logger": "sim", "event": "call_abandoned", "campaign_id": "099374b0-a7d5-4637-891b-37425c4ef8db", "worker_id": "sim-B-predictive", "call_id": "0e386a7e-4bcc-4f91-905a-830a652926e8", "borrower_id": "b6e06f1d-2182-4f49-8263-fd2b55491c08", "agent_id": null, "reason": "no_agent_available"}

scenario | mode         | utilization%  | connects/agent-hr  | abandon%  | wait_p50  | wait_p95 
---------+--------------+---------------+--------------------+-----------+-----------+----------
B        | PROGRESSIVE  | 68.3          | 30.5               | 0.79      | 193       | 304      
B        | PREDICTIVE   | 65.1          | 28.1               | 3.31      | 195       | 316      

predictive vs progressive:
  note B: utilization 68.3% -> 65.1% (-3.2 pts), abandon 3.31% (OVER the 3% budget)

per-tick CSVs in sim_output/
